// Jest Snapshot v1, https://goo.gl/fbAQLP

exports[`About component matches snapshot 1`] = `
<DocumentFragment>
  <header
    class="flex-row px-1"
  >
    <h2>
      <a
        data-testid="link"
        href="/"
      >
        <span
          aria-label="briefcase"
          role="img"
        >
           ðŸ’¼
        </span>
         Portfolio for Richard Ay
      </a>
    </h2>
    <nav>
      <ul
        class="flex-row"
      >
        <li
          class="mx-1 false"
        >
          <span>
            About
          </span>
        </li>
      </ul>
    </nav>
  </header>
</DocumentFragment>
`;
